SingleCommaAnnotationValueFail.java:34:12: compiler.err.expected: '}'
SingleCommaAnnotationValueFail.java:34:14: compiler.err.expected4: class, interface, enum, __datum
2 errors
