SwitchNull.java:32:16: compiler.err.feature.not.supported.in.source: (compiler.misc.feature.case.null), 9, 10
1 error
