SwitchNullDisabled.java:10:18: compiler.err.switch.null.not.allowed
1 error
