Neg01.java:30:5: compiler.err.already.defined: kindname.class, Neg01.Bad7, kindname.class, Neg01
Neg01.java:10:5: compiler.err.cant.apply.symbol: kindname.constructor, Sup1, int,int, int,int,int, kindname.class, Neg01.Sup1, (compiler.misc.arg.length.mismatch)
Neg01.java:12:5: compiler.err.cant.apply.symbol: kindname.constructor, Sup1, int,int, int, kindname.class, Neg01.Sup1, (compiler.misc.arg.length.mismatch)
Neg01.java:14:40: compiler.err.cant.extend.datum: (compiler.misc.super.field.mismatch: int, y, int, z)
Neg01.java:16:43: compiler.err.cant.extend.datum: (compiler.misc.super.field.mismatch: int, y, double, y)
Neg01.java:16:5: compiler.err.cant.apply.symbol: kindname.constructor, Sup1, int,int, int,double, kindname.class, Neg01.Sup1, (compiler.misc.no.conforming.assignment.exists: (compiler.misc.possible.loss.of.precision: double, int))
Neg01.java:18:40: compiler.err.cant.extend.datum: (compiler.misc.bad.super.fields)
Neg01.java:24:40: compiler.err.cant.extend.datum: (compiler.misc.bad.datum.super)
Neg01.java:24:5: compiler.err.cant.apply.symbol: kindname.constructor, Object, compiler.misc.no.args, int, kindname.class, java.lang.Object, (compiler.misc.arg.length.mismatch)
Neg01.java:26:40: compiler.err.cant.extend.datum: (compiler.misc.bad.datum.super)
Neg01.java:34:20: compiler.err.cant.apply.symbol: kindname.constructor, Test, int, compiler.misc.no.args, kindname.class, Neg01.Test, (compiler.misc.arg.length.mismatch)
Neg01.java:36:20: compiler.err.cant.apply.symbol: kindname.constructor, Test, int, int,int, kindname.class, Neg01.Test, (compiler.misc.arg.length.mismatch)
Neg01.java:40:12: compiler.err.cant.resolve.location.args: kindname.method, default, , , (compiler.misc.location: kindname.class, Neg01.Test, null)
13 errors
