PrimaryConstructorMustBePublic.java:8:5: compiler.err.method.must.be.public: <init>
1 error
