RecordsCantBeAbstractTest.java:7:1: compiler.err.record.cant.be.abstract
1 error
