CastConversionMatch.java:33:26: compiler.err.type.found.req: int, (compiler.misc.type.req.class.array)
1 error
