ImpossibleTypeTest.java:13:13: compiler.err.prob.found.req: (compiler.misc.inconvertible.types: java.lang.Integer, java.lang.String)
ImpossibleTypeTest.java:16:23: compiler.err.cant.resolve.location: kindname.class, Undefined, , , (compiler.misc.location: kindname.class, ImpossibleTypeTest, null)
2 errors
