(o instanceof String s)
o instanceof String s
o
String s
String
1
1
String s
String
var s
