ExpressionSwitchInfer.java:14:95: compiler.err.cant.resolve.location.args: kindname.method, substring, , int, (compiler.misc.location: kindname.interface, java.lang.CharSequence, null)
ExpressionSwitchInfer.java:23:38: compiler.err.cant.resolve.location.args: kindname.method, substring, , int, (compiler.misc.location: kindname.interface, java.lang.CharSequence, null)
2 errors
