ParserRecovery.java:8:39: compiler.err.expected: :
ParserRecovery.java:11:31: compiler.err.expected: :
2 errors
