WrongBreakTest.java:36:46: compiler.err.illegal.start.of.expr
WrongBreakTest.java:35:39: compiler.err.break.outside.switch.loop
WrongBreakTest.java:36:9: compiler.err.ref.ambiguous: test, kindname.method, test(int), WrongBreakTest, kindname.method, test(java.lang.Object), WrongBreakTest
WrongBreakTest.java:38:13: compiler.err.break.complex.value.no.switch.expression
- compiler.note.preview.filename: WrongBreakTest.java
- compiler.note.preview.recompile
4 errors
