SealedTest01.java:19:12: compiler.err.cant.inherit.from.sealed: SealedTest01.SC
SealedTest01.java:20:12: compiler.err.cant.inherit.from.sealed: SealedTest01.SAC
SealedTest01.java:21:12: compiler.err.cant.inherit.from.sealed: SealedTest01.SI
SealedTest01.java:22:12: compiler.err.cant.inherit.from.sealed: SealedTest01.SI
4 errors
