FilterOutCandidatesForDiagnosticsTest.java:12:64: compiler.err.cant.apply.symbols: kindname.method, add, java.lang.String,{(compiler.misc.inapplicable.method: kindname.method, java.util.ArrayList, add(compiler.misc.type.captureof: 1, ? extends java.lang.Object&java.io.Serializable&java.lang.Comparable<? extends java.lang.Object&java.io.Serializable&java.lang.Comparable<?>&java.lang.invoke.constant.ConstantDesc<? extends java.lang.Object&java.io.Serializable&java.lang.Comparable<?>&java.lang.invoke.constant.ConstantDesc<?>&java.lang.invoke.constant.Constable<? extends java.lang.Object&java.io.Serializable&java.lang.Comparable<?>&java.lang.invoke.constant.ConstantDesc<?>&java.lang.invoke.constant.Constable<?>>>&java.lang.invoke.constant.Constable<? extends java.lang.Object&java.io.Serializable&java.lang.Comparable<?>&java.lang.invoke.constant.ConstantDesc<? extends java.lang.Object&java.io.Serializable&java.lang.Comparable<?>&java.lang.invoke.constant.ConstantDesc<?>&java.lang.invoke.constant.Constable<?>>&java.lang.invoke.constant.Constable<?>>>&java.lang.invoke.constant.ConstantDesc<? extends java.lang.Object&java.io.Serializable&java.lang.Comparable<? extends java.lang.Object&java.io.Serializable&java.lang.Comparable<?>&java.lang.invoke.constant.ConstantDesc<?>&java.lang.invoke.constant.Constable<? extends java.lang.Object&java.io.Serializable&java.lang.Comparable<?>&java.lang.invoke.constant.ConstantDesc<?>&java.lang.invoke.constant.Constable<?>>>&java.lang.invoke.constant.ConstantDesc<?>&java.lang.invoke.constant.Constable<? extends java.lang.Object&java.io.Serializable&java.lang.Comparable<? extends java.lang.Object&java.io.Serializable&java.lang.Comparable<?>&java.lang.invoke.constant.ConstantDesc<?>&java.lang.invoke.constant.Constable<?>>&java.lang.invoke.constant.ConstantDesc<?>&java.lang.invoke.constant.Constable<?>>>&java.lang.invoke.constant.Constable<? extends java.lang.Object&java.io.Serializable&java.lang.Comparable<? extends java.lang.Object&java.io.Serializable&java.lang.Comparable<?>&java.lang.invoke.constant.ConstantDesc<? extends java.lang.Object&java.io.Serializable&java.lang.Comparable<?>&java.lang.invoke.constant.ConstantDesc<?>&java.lang.invoke.constant.Constable<?>>&java.lang.invoke.constant.Constable<?>>&java.lang.invoke.constant.ConstantDesc<? extends java.lang.Object&java.io.Serializable&java.lang.Comparable<? extends java.lang.Object&java.io.Serializable&java.lang.Comparable<?>&java.lang.invoke.constant.ConstantDesc<?>&java.lang.invoke.constant.Constable<?>>&java.lang.invoke.constant.ConstantDesc<?>&java.lang.invoke.constant.Constable<?>>&java.lang.invoke.constant.Constable<?>>,java.lang.Object[],int), (compiler.misc.arg.length.mismatch)),(compiler.misc.inapplicable.method: kindname.method, java.util.ArrayList, add(compiler.misc.type.captureof: 1, ? extends java.lang.Object&java.io.Serializable&java.lang.Comparable<? extends java.lang.Object&java.io.Serializable&java.lang.Comparable<?>&java.lang.invoke.constant.ConstantDesc<? extends java.lang.Object&java.io.Serializable&java.lang.Comparable<?>&java.lang.invoke.constant.ConstantDesc<?>&java.lang.invoke.constant.Constable<? extends java.lang.Object&java.io.Serializable&java.lang.Comparable<?>&java.lang.invoke.constant.ConstantDesc<?>&java.lang.invoke.constant.Constable<?>>>&java.lang.invoke.constant.Constable<? extends java.lang.Object&java.io.Serializable&java.lang.Comparable<?>&java.lang.invoke.constant.ConstantDesc<? extends java.lang.Object&java.io.Serializable&java.lang.Comparable<?>&java.lang.invoke.constant.ConstantDesc<?>&java.lang.invoke.constant.Constable<?>>&java.lang.invoke.constant.Constable<?>>>&java.lang.invoke.constant.ConstantDesc<? extends java.lang.Object&java.io.Serializable&java.lang.Comparable<? extends java.lang.Object&java.io.Serializable&java.lang.Comparable<?>&java.lang.invoke.constant.ConstantDesc<?>&java.lang.invoke.constant.Constable<? extends java.lang.Object&java.io.Serializable&java.lang.Comparable<?>&java.lang.invoke.constant.ConstantDesc<?>&java.lang.invoke.constant.Constable<?>>>&java.lang.invoke.constant.ConstantDesc<?>&java.lang.invoke.constant.Constable<? extends java.lang.Object&java.io.Serializable&java.lang.Comparable<? extends java.lang.Object&java.io.Serializable&java.lang.Comparable<?>&java.lang.invoke.constant.ConstantDesc<?>&java.lang.invoke.constant.Constable<?>>&java.lang.invoke.constant.ConstantDesc<?>&java.lang.invoke.constant.Constable<?>>>&java.lang.invoke.constant.Constable<? extends java.lang.Object&java.io.Serializable&java.lang.Comparable<? extends java.lang.Object&java.io.Serializable&java.lang.Comparable<?>&java.lang.invoke.constant.ConstantDesc<? extends java.lang.Object&java.io.Serializable&java.lang.Comparable<?>&java.lang.invoke.constant.ConstantDesc<?>&java.lang.invoke.constant.Constable<?>>&java.lang.invoke.constant.Constable<?>>&java.lang.invoke.constant.ConstantDesc<? extends java.lang.Object&java.io.Serializable&java.lang.Comparable<? extends java.lang.Object&java.io.Serializable&java.lang.Comparable<?>&java.lang.invoke.constant.ConstantDesc<?>&java.lang.invoke.constant.Constable<?>>&java.lang.invoke.constant.ConstantDesc<?>&java.lang.invoke.constant.Constable<?>>&java.lang.invoke.constant.Constable<?>>), (compiler.misc.no.conforming.assignment.exists: (compiler.misc.inconvertible.types: java.lang.String, compiler.misc.type.captureof: 1, ? extends java.lang.Object&java.io.Serializable&java.lang.Comparable<? extends java.lang.Object&java.io.Serializable&java.lang.Comparable<?>&java.lang.invoke.constant.ConstantDesc<? extends java.lang.Object&java.io.Serializable&java.lang.Comparable<?>&java.lang.invoke.constant.ConstantDesc<?>&java.lang.invoke.constant.Constable<? extends java.lang.Object&java.io.Serializable&java.lang.Comparable<?>&java.lang.invoke.constant.ConstantDesc<?>&java.lang.invoke.constant.Constable<?>>>&java.lang.invoke.constant.Constable<? extends java.lang.Object&java.io.Serializable&java.lang.Comparable<?>&java.lang.invoke.constant.ConstantDesc<? extends java.lang.Object&java.io.Serializable&java.lang.Comparable<?>&java.lang.invoke.constant.ConstantDesc<?>&java.lang.invoke.constant.Constable<?>>&java.lang.invoke.constant.Constable<?>>>&java.lang.invoke.constant.ConstantDesc<? extends java.lang.Object&java.io.Serializable&java.lang.Comparable<? extends java.lang.Object&java.io.Serializable&java.lang.Comparable<?>&java.lang.invoke.constant.ConstantDesc<?>&java.lang.invoke.constant.Constable<? extends java.lang.Object&java.io.Serializable&java.lang.Comparable<?>&java.lang.invoke.constant.ConstantDesc<?>&java.lang.invoke.constant.Constable<?>>>&java.lang.invoke.constant.ConstantDesc<?>&java.lang.invoke.constant.Constable<? extends java.lang.Object&java.io.Serializable&java.lang.Comparable<? extends java.lang.Object&java.io.Serializable&java.lang.Comparable<?>&java.lang.invoke.constant.ConstantDesc<?>&java.lang.invoke.constant.Constable<?>>&java.lang.invoke.constant.ConstantDesc<?>&java.lang.invoke.constant.Constable<?>>>&java.lang.invoke.constant.Constable<? extends java.lang.Object&java.io.Serializable&java.lang.Comparable<? extends java.lang.Object&java.io.Serializable&java.lang.Comparable<?>&java.lang.invoke.constant.ConstantDesc<? extends java.lang.Object&java.io.Serializable&java.lang.Comparable<?>&java.lang.invoke.constant.ConstantDesc<?>&java.lang.invoke.constant.Constable<?>>&java.lang.invoke.constant.Constable<?>>&java.lang.invoke.constant.ConstantDesc<? extends java.lang.Object&java.io.Serializable&java.lang.Comparable<? extends java.lang.Object&java.io.Serializable&java.lang.Comparable<?>&java.lang.invoke.constant.ConstantDesc<?>&java.lang.invoke.constant.Constable<?>>&java.lang.invoke.constant.ConstantDesc<?>&java.lang.invoke.constant.Constable<?>>&java.lang.invoke.constant.Constable<?>>))),(compiler.misc.inapplicable.method: kindname.method, java.util.ArrayList, add(int,compiler.misc.type.captureof: 1, ? extends java.lang.Object&java.io.Serializable&java.lang.Comparable<? extends java.lang.Object&java.io.Serializable&java.lang.Comparable<?>&java.lang.invoke.constant.ConstantDesc<? extends java.lang.Object&java.io.Serializable&java.lang.Comparable<?>&java.lang.invoke.constant.ConstantDesc<?>&java.lang.invoke.constant.Constable<? extends java.lang.Object&java.io.Serializable&java.lang.Comparable<?>&java.lang.invoke.constant.ConstantDesc<?>&java.lang.invoke.constant.Constable<?>>>&java.lang.invoke.constant.Constable<? extends java.lang.Object&java.io.Serializable&java.lang.Comparable<?>&java.lang.invoke.constant.ConstantDesc<? extends java.lang.Object&java.io.Serializable&java.lang.Comparable<?>&java.lang.invoke.constant.ConstantDesc<?>&java.lang.invoke.constant.Constable<?>>&java.lang.invoke.constant.Constable<?>>>&java.lang.invoke.constant.ConstantDesc<? extends java.lang.Object&java.io.Serializable&java.lang.Comparable<? extends java.lang.Object&java.io.Serializable&java.lang.Comparable<?>&java.lang.invoke.constant.ConstantDesc<?>&java.lang.invoke.constant.Constable<? extends java.lang.Object&java.io.Serializable&java.lang.Comparable<?>&java.lang.invoke.constant.ConstantDesc<?>&java.lang.invoke.constant.Constable<?>>>&java.lang.invoke.constant.ConstantDesc<?>&java.lang.invoke.constant.Constable<? extends java.lang.Object&java.io.Serializable&java.lang.Comparable<? extends java.lang.Object&java.io.Serializable&java.lang.Comparable<?>&java.lang.invoke.constant.ConstantDesc<?>&java.lang.invoke.constant.Constable<?>>&java.lang.invoke.constant.ConstantDesc<?>&java.lang.invoke.constant.Constable<?>>>&java.lang.invoke.constant.Constable<? extends java.lang.Object&java.io.Serializable&java.lang.Comparable<? extends java.lang.Object&java.io.Serializable&java.lang.Comparable<?>&java.lang.invoke.constant.ConstantDesc<? extends java.lang.Object&java.io.Serializable&java.lang.Comparable<?>&java.lang.invoke.constant.ConstantDesc<?>&java.lang.invoke.constant.Constable<?>>&java.lang.invoke.constant.Constable<?>>&java.lang.invoke.constant.ConstantDesc<? extends java.lang.Object&java.io.Serializable&java.lang.Comparable<? extends java.lang.Object&java.io.Serializable&java.lang.Comparable<?>&java.lang.invoke.constant.ConstantDesc<?>&java.lang.invoke.constant.Constable<?>>&java.lang.invoke.constant.ConstantDesc<?>&java.lang.invoke.constant.Constable<?>>&java.lang.invoke.constant.Constable<?>>), (compiler.misc.arg.length.mismatch))}
1 error
