EnumMembersOrder.java:11:16: compiler.err.expected: ')'
EnumMembersOrder.java:11:17: compiler.err.expected3: ',', '}', ';'
EnumMembersOrder.java:11:18: compiler.err.expected: '}'
EnumMembersOrder.java:11:31: compiler.err.expected4: class, interface, enum, __datum
EnumMembersOrder.java:17:13: compiler.err.expected4: class, interface, enum, __datum
EnumMembersOrder.java:19:1: compiler.err.expected4: class, interface, enum, __datum
6 errors
