MultipleLabelsStatement.java:56:24: compiler.err.feature.not.supported.in.source.plural: (compiler.misc.feature.multiple.case.labels), 9, 10
1 error
