MultipleLabelsExpression.java:53:16: compiler.err.feature.not.supported.in.source.plural: (compiler.misc.feature.switch.expressions), 9, 10
MultipleLabelsExpression.java:54:22: compiler.err.feature.not.supported.in.source.plural: (compiler.misc.feature.multiple.case.labels), 9, 10
2 errors
