SwitchStatementArrow.java:38:20: compiler.err.preview.feature.disabled.plural: (compiler.misc.feature.switch.rules)
SwitchStatementArrow.java:39:21: compiler.err.preview.feature.disabled.plural: (compiler.misc.feature.multiple.case.labels)
2 errors
