SwitchStatementBroken2.java:16:23: compiler.err.switch.case.unexpected.statement
SwitchStatementBroken2.java:17:23: compiler.err.switch.case.unexpected.statement
SwitchStatementBroken2.java:18:23: compiler.err.switch.case.unexpected.statement
SwitchStatementBroken2.java:21:24: compiler.err.switch.case.unexpected.statement
- compiler.note.preview.filename: SwitchStatementBroken2.java
- compiler.note.preview.recompile
4 errors
